---
source: src/parser/tests.rs
description: "\"\""
---
String@0..2 "\"\""
