---
source: src/parser/tests.rs
description: "false"
---
False@0..5 "false"
