---
source: src/parser/tests.rs
description: "1e5"
---
Float@0..3 "1e5"
