---
source: src/parser/tests.rs
description: "123"
---
Int@0..3 "123"
