---
source: src/parser/tests.rs
description: "1."
---
Float@0..2 "1."
