---
source: src/parser/tests.rs
description: "'x'"
---
Char@0..3 "'x'"
