---
source: src/parser/tests.rs
description: 12_3
---
Int@0..4 "12_3"
