---
source: src/parser/tests.rs
description: ;
---
Semicolon@0..1 ";"
