---
source: src/parser/tests.rs
description: "true"
---
True@0..4 "true"
